26-08-13 16:58:02-root-DEBUG-this is debug message
26-08-13 16:58:02-root-INFO-this is info message
26-08-13 16:58:02-root-WARNING-this is warning message
26-08-13 16:58:02-root-ERROR-this is error message
26-08-13 16:58:02-root-CRITICAL-This is a critical message
26-08-13 16:58:18-root-DEBUG-this is debug message
26-08-13 16:58:18-root-INFO-this is info message
26-08-13 16:58:18-root-WARNING-this is warning message
26-08-13 16:58:18-root-ERROR-this is error message
26-08-13 16:58:18-root-CRITICAL-This is a critical message
26-08-13 16:58:18-root-DEBUG-this is debug message
26-08-13 16:58:18-root-INFO-this is info message
26-08-13 16:58:18-root-WARNING-this is warning message
26-08-13 16:58:18-root-ERROR-this is error message
26-08-13 16:58:18-root-CRITICAL-This is a critical message
26-08-13 16:59:17-root-DEBUG-this is debug case
26-08-13 17:00:23-root-DEBUG-this is debug case
26-08-13 17:00:23-root-INFO-this is info case
26-08-13 17:00:23-root-WARNING-this is warning case
26-08-13 17:00:23-root-ERROR-this is error case
26-08-13 17:00:23-root-CRITICAL-this case is critical
26-08-13 17:00:27-root-DEBUG-this is debug message
26-08-13 17:00:27-root-INFO-this is info message
26-08-13 17:00:27-root-WARNING-this is warning message
26-08-13 17:00:27-root-ERROR-this is error message
26-08-13 17:00:27-root-CRITICAL-This is a critical message
26-08-13 17:02:23-root-DEBUG-this is debug case
26-08-13 17:02:23-root-INFO-this is info case
26-08-13 17:02:23-root-WARNING-this is warning case
26-08-13 17:02:23-root-ERROR-this is error case
26-08-13 17:02:23-root-CRITICAL-this case is critical
